Script started on 2020-03-12 19:00:22-04:00 [TERM="xterm-256color" TTY="/dev/pts/0" COLUMNS="80" LINES="24"]
bash: /home/umrigar/cs240/bin/student.rc: Permission denied
bmarti38@g7-33:/import/linux/home1/bmarti38/i240a/submit$ mkdir dir
bmarti38@g7-33:/import/linux/home1/bmarti38/i240a/submit$ touch.t1.c
bash: touch.t1.c: command not found
bmarti38@g7-33:/import/linux/home1/bmarti38/i240a/submit$ cp -r ~/cs240/labs/lab 6/exercises/ .
bmarti38@g7-33:/import/linux/home1/bmarti38/i240a/submit$ ls
dir	   lab0.LOG  lab2  lab4  lab6	   prj1-sol
exercises  lab1      lab3  lab5  lab6.LOG  prj2-sol
bmarti38@g7-33:/import/linux/home1/bmarti38/i240a/submit$ cd lab6
bmarti38@g7-33:/import/linux/home1/bmarti38/i240a/submit/lab6$ ls
4-quoting
bmarti38@g7-33:/import/linux/home1/bmarti38/i240a/submit/lab6$ sl[K[Kls
exercises
bmarti38@g7-33:/import/linux/home1/bmarti38/i240a/submit/lab6$ cd [K[K[Kcd exercises/
bmarti38@g7-33:/import/linux/home1/bmarti38/i240a/submit/lab6/exercises$ ls
4-quoting
bmarti38@g7-33:/import/linux/home1/bmarti38/i240a/submit/lab6/exercises$ cd 4-quoting/
bmarti38@g7-33:/import/linux/home1/bmarti38/i240a/submit/lab6/exercises/4-quoting$ ls
'**'  '1$2'  "'12"  '1"2'  'a$b'  '\\ab'  'a"b'  "a'b"	 -l
bmarti38@g7-33:/import/linux/home1/bmarti38/i240a/submit/lab6/exercises/4-quoting$ cd ..
bmarti38@g7-33:/import/linux/home1/bmarti38/i240a/submit/lab6/exercises$ cd ..
bmarti38@g7-33:/import/linux/home1/bmarti38/i240a/submit/lab6$ cd ..
bmarti38@g7-33:/import/linux/home1/bmarti38/i240a/submit$ ls
dir  lab0.LOG  lab1  lab2  lab3  lab4  lab5  lab6  lab6.LOG  prj1-sol  prj2-sol
bmarti38@g7-33:/import/linux/home1/bmarti38/i240a/submit$ cd ..
bmarti38@g7-33:/import/linux/home1/bmarti38/i240a$ cd [K[K[Kls
README.md  submit
bmarti38@g7-33:/import/linux/home1/bmarti38/i240a$ cd submit/
bmarti38@g7-33:/import/linux/home1/bmarti38/i240a/submit$ ls
lab0.LOG  lab1	lab2  lab3  lab4  lab5	lab6  prj1-sol	prj2-sol
bmarti38@g7-33:/import/linux/home1/bmarti38/i240a/submit$ cd lab6
bmarti38@g7-33:/import/linux/home1/bmarti38/i240a/submit/lab6$ ls
dir  exercises	lab6.LOG
bmarti38@g7-33:/import/linux/home1/bmarti38/i240a/submit/lab6$ cd [K[K[Ktouch t1.c
bmarti38@g7-33:/import/linux/home1/bmarti38/i240a/submit/lab6$ ls
dir  exercises	lab6.LOG  t1.c
bmarti38@g7-33:/import/linux/home1/bmarti38/i240a/submit/lab6$ ls -l
total 0
drwxr-x--- 2 bmarti38 bmarti38 10 Mar 12 19:00 dir
drwxr-x--- 3 bmarti38 bmarti38 30 Mar 12 19:03 exercises
-rw-r----- 1 bmarti38 bmarti38  0 Mar 12 19:00 lab6.LOG
-rw-r----- 1 bmarti38 bmarti38  0 Mar 12 19:06 t1.c
bmarti38@g7-33:/import/linux/home1/bmarti38/i240a/submit/lab6$ ls -tl
total 0
-rw-r----- 1 bmarti38 bmarti38  0 Mar 12 19:06 t1.c
drwxr-x--- 3 bmarti38 bmarti38 30 Mar 12 19:03 exercises
drwxr-x--- 2 bmarti38 bmarti38 10 Mar 12 19:00 dir
-rw-r----- 1 bmarti38 bmarti38  0 Mar 12 19:00 lab6.LOG
bmarti38@g7-33:/import/linux/home1/bmarti38/i240a/submit/lab6$ ls'[K -[K[K[K[Kls /dir/ -l
ls: cannot access '/dir/': No such file or directory
bmarti38@g7-33:/import/linux/home1/bmarti38/i240a/submit/lab6$ ls
dir  exercises	lab6.LOG  t1.c
bmarti38@g7-33:/import/linux/home1/bmarti38/i240a/submit/lab6$ ls dir [K[K[K[K[K[K[Kls -l
total 0
drwxr-x--- 2 bmarti38 bmarti38 10 Mar 12 19:00 dir
drwxr-x--- 3 bmarti38 bmarti38 30 Mar 12 19:03 exercises
-rw-r----- 1 bmarti38 bmarti38  0 Mar 12 19:00 lab6.LOG
-rw-r----- 1 bmarti38 bmarti38  0 Mar 12 19:06 t1.c
bmarti38@g7-33:/import/linux/home1/bmarti38/i240a/submit/lab6$ man touch 
[?1049h[22;0;0t[?1h=TOUCH(1)                         User Commands                        TOUCH(1)[m
[m
[1mNAME[0m[m
       touch - change file timestamps[m
[m
[1mSYNOPSIS[0m[m
       [1mtouch[0m [[4mOPTION[24m]... [4mFILE[24m...[m
[m
[1mDESCRIPTION[0m[m
       Update  the  access  and modification times of each FILE to the current[m
       time.[m
[m
       A FILE argument that does not exist is created empty, unless [1m-c[0m  or  [1m-h[0m[m
       is supplied.[m
[m
       A  FILE  argument  string of - is handled specially and causes touch to[m
       change the times of the file associated with standard output.[m
[m
       Mandatory arguments to long options are  mandatory  for  short  options[m
       too.[m
[m
       [1m-a[0m     change only the access time[m
[m
[7m Manual page touch(1) line 1 (press h for help or q to quit)[27m[K[Kset mark: ...skipping...
TOUCH(1)                         User Commands                        TOUCH(1)[m
[m
[1mNAME[0m[m
       touch - change file timestamps[m
[m
[1mSYNOPSIS[0m[m
       [1mtouch[0m [[4mOPTION[24m]... [4mFILE[24m...[m
[m
[1mDESCRIPTION[0m[m
       Update  the  access  and modification times of each FILE to the current[m
       time.[m
[m
       A FILE argument that does not exist is created empty, unless [1m-c[0m  or  [1m-h[0m[m
       is supplied.[m
[m
       A  FILE  argument  string of - is handled specially and causes touch to[m
       change the times of the file associated with standard output.[m
[m
       Mandatory arguments to long options are  mandatory  for  short  options[m
       too.[m
[m
       [1m-a[0m     change only the access time[m
[m
[7m Manual page touch(1) line 1 (press h for help or q to quit)[27m[K[K/[K[K[7mNo previous regular expression  (press RETURN)[27m[24;1H[K[K [KESCESC[K[[[K55[K~~[K[K[7m Manual page touch(1) line 1 (press h for help or q to quit)[27m[K[K [KESCESC[K[[[K55[K~~[K[K[7m Manual page touch(1) line 1 (press h for help or q to quit)[27m[K[K [KESCESC[K[[[K55[K~~[K[K[7m Manual page touch(1) line 1 (press h for help or q to quit)[27m[K[K [KESCESC[K[[[K66[K~~[K       [1m-c[0m, [1m--no-create[0m[m
              do not create any files[m
[m
       [1m-d[0m, [1m--date[0m=[4mSTRING[24m[m
              parse STRING and use it instead of current time[m
[m
       [1m-f[0m     (ignored)[m
[m
       [1m-h[0m, [1m--no-dereference[0m[m
              affect each symbolic link instead of any referenced file (useful[m
              only on systems that can change the timestamps of a symlink)[m
[m
       [1m-m[0m     change only the modification time[m
[m
       [1m-r[0m, [1m--reference[0m=[4mFILE[24m[m
              use this file's times instead of current time[m
[m
       [1m-t[0m STAMP[m
              use [[CC]YY]MMDDhhmm[.ss] instead of current time[m
[m
       [1m--time[0m=[4mWORD[24m[m
              change the specified time: WORD is access, atime, or use: equiv‐[m
              alent to [1m-a[0m WORD is modify or mtime: equivalent to [1m-m[0m[m
[7m Manual page touch(1) line 24 (press h for help or q to quit)[27m[K[K [KESCESC[K[[[K66[K~~[K[m
       [1m--help[0m display this help and exit[m
[m
       [1m--version[0m[m
              output version information and exit[m
[m
       Note that the [1m-d[0m and [1m-t[0m options accept different time-date formats.[m
[m
[1mDATE[0m [1mSTRING[0m[m
       The  --date=STRING  is  a mostly free format human readable date string[m
       such as "Sun, 29 Feb 2004 16:21:42 -0800" or "2004-02-29  16:21:42"  or[m
       even  "next Thursday".  A date string may contain items indicating cal‐[m
       endar date, time of day, time zone, day of week, relative  time,  rela‐[m
       tive date, and numbers.  An empty string indicates the beginning of the[m
       day.  The date string format is more complex than is easily  documented[m
       here but is fully described in the info documentation.[m
[m
[1mAUTHOR[0m[m
       Written  by  Paul  Rubin, Arnold Robbins, Jim Kingdon, David MacKenzie,[m
       and Randy Smith.[m
[m
[1mREPORTING[0m [1mBUGS[0m[m
       GNU coreutils online help: <https://www.gnu.org/software/coreutils/>[m
[7m Manual page touch(1) line 47 (press h for help or q to quit)[27m[K[K [KESCESC[K[[[K66[K~~[K       Report touch translation bugs to <https://translationproject.org/team/>[m
[m
[1mCOPYRIGHT[0m[m
       Copyright © 2018 Free Software Foundation, Inc.   License  GPLv3+:  GNU[m
       GPL version 3 or later <https://gnu.org/licenses/gpl.html>.[m
       This  is  free  software:  you  are free to change and redistribute it.[m
       There is NO WARRANTY, to the extent permitted by law.[m
[m
[1mSEE[0m [1mALSO[0m[m
       Full documentation at: <https://www.gnu.org/software/coreutils/touch>[m
       or available locally via: info '(coreutils) touch invocation'[m
[m
GNU coreutils 8.30               February 2019                        TOUCH(1)[m
[7m Manual page touch(1) line 60/82 (END) (press h for help or q to quit)[27m[K[K [KESCESC[K[[[K66[K~~[K[K[7m Manual page touch(1) line 60/82 (END) (press h for help or q to quit)[27m[K[K [KESCESC[K[[[K66[K~~[K[K[7m Manual page touch(1) line 60/82 (END) (press h for help or q to quit)[27m[K[K [KESCESC[K[[[K55[K~~[K[HM       endar date, time of day, time zone, day of week, relative  time,  rela‐[m
[HM       even  "next Thursday".  A date string may contain items indicating cal‐[m
[HM       such as "Sun, 29 Feb 2004 16:21:42 -0800" or "2004-02-29  16:21:42"  or[m
[HM       The  --date=STRING  is  a mostly free format human readable date string[m
[HM[1mDATE[0m [1mSTRING[0m[m
[HM[m
[HM       Note that the [1m-d[0m and [1m-t[0m options accept different time-date formats.[m
[HM[m
[HM              output version information and exit[m
[HM       [1m--version[0m[m
[HM[m
[HM       [1m--help[0m display this help and exit[m
[HM[m
[HM              alent to [1m-a[0m WORD is modify or mtime: equivalent to [1m-m[0m[m
[HM              change the specified time: WORD is access, atime, or use: equiv‐[m
[HM       [1m--time[0m=[4mWORD[24m[m
[HM[m
[HM              use [[CC]YY]MMDDhhmm[.ss] instead of current time[m
[HM       [1m-t[0m STAMP[m
[HM[m
[HM              use this file's times instead of current time[m
[HM       [1m-r[0m, [1m--reference[0m=[4mFILE[24m[m
[HM[m
[24;1H[K[7m Manual page touch(1) line 37/82 67% (press h for help or q to quit)[27m[K[K [KESCESC[K[[[K55[K~~[K[HM       [1m-m[0m     change only the modification time[m
[HM[m
[HM              only on systems that can change the timestamps of a symlink)[m
[HM              affect each symbolic link instead of any referenced file (useful[m
[HM       [1m-h[0m, [1m--no-dereference[0m[m
[HM[m
[HM       [1m-f[0m     (ignored)[m
[HM[m
[HM              parse STRING and use it instead of current time[m
[HM       [1m-d[0m, [1m--date[0m=[4mSTRING[24m[m
[HM[m
[HM              do not create any files[m
[HM       [1m-c[0m, [1m--no-create[0m[m
[HM[m
[HM       [1m-a[0m     change only the access time[m
[HM[m
[HM       too.[m
[HM       Mandatory arguments to long options are  mandatory  for  short  options[m
[HM[m
[HM       change the times of the file associated with standard output.[m
[HM       A  FILE  argument  string of - is handled specially and causes touch to[m
[HM[m
[HM       is supplied.[m
[24;1H[K[7m Manual page touch(1) line 14/82 37% (press h for help or q to quit)[27m[K[K [KESCESC[K[[[K55[K~~[K[HM       A FILE argument that does not exist is created empty, unless [1m-c[0m  or  [1m-h[0m[m
[HM[m
[HM       time.[m
[HM       Update  the  access  and modification times of each FILE to the current[m
[HM[1mDESCRIPTION[0m[m
[HM[m
[HM       [1mtouch[0m [[4mOPTION[24m]... [4mFILE[24m...[m
[HM[1mSYNOPSIS[0m[m
[HM[m
[HM       touch - change file timestamps[m
[HM[1mNAME[0m[m
[HM[m
[HMTOUCH(1)                         User Commands                        TOUCH(1)[m
[24;1H[K[7m Manual page touch(1) line 1/82 22% (press h for help or q to quit)[27m[K[K [KESCESC[K[[[K55[K~~[K[K[7m Manual page touch(1) line 1/82 22% (press h for help or q to quit)[27m[K[K [KESCESC[K[[[K55[K~~[K[K[7m Manual page touch(1) line 1/82 22% (press h for help or q to quit)[27m[K[K [KESCESC[K[[[K66[K~~[K       [1m-c[0m, [1m--no-create[0m[m
              do not create any files[m
[m
       [1m-d[0m, [1m--date[0m=[4mSTRING[24m[m
              parse STRING and use it instead of current time[m
[m
       [1m-f[0m     (ignored)[m
[m
       [1m-h[0m, [1m--no-dereference[0m[m
              affect each symbolic link instead of any referenced file (useful[m
              only on systems that can change the timestamps of a symlink)[m
[m
       [1m-m[0m     change only the modification time[m
[m
       [1m-r[0m, [1m--reference[0m=[4mFILE[24m[m
              use this file's times instead of current time[m
[m
       [1m-t[0m STAMP[m
              use [[CC]YY]MMDDhhmm[.ss] instead of current time[m
[m
       [1m--time[0m=[4mWORD[24m[m
              change the specified time: WORD is access, atime, or use: equiv‐[m
              alent to [1m-a[0m WORD is modify or mtime: equivalent to [1m-m[0m[m
[7m Manual page touch(1) line 24/82 50% (press h for help or q to quit)[27m[K[K [KESCESC[K[[[K66[K~~[K[m
       [1m--help[0m display this help and exit[m
[m
       [1m--version[0m[m
              output version information and exit[m
[m
       Note that the [1m-d[0m and [1m-t[0m options accept different time-date formats.[m
[m
[1mDATE[0m [1mSTRING[0m[m
       The  --date=STRING  is  a mostly free format human readable date string[m
       such as "Sun, 29 Feb 2004 16:21:42 -0800" or "2004-02-29  16:21:42"  or[m
       even  "next Thursday".  A date string may contain items indicating cal‐[m
       endar date, time of day, time zone, day of week, relative  time,  rela‐[m
       tive date, and numbers.  An empty string indicates the beginning of the[m
       day.  The date string format is more complex than is easily  documented[m
       here but is fully described in the info documentation.[m
[m
[1mAUTHOR[0m[m
       Written  by  Paul  Rubin, Arnold Robbins, Jim Kingdon, David MacKenzie,[m
       and Randy Smith.[m
[m
[1mREPORTING[0m [1mBUGS[0m[m
       GNU coreutils online help: <https://www.gnu.org/software/coreutils/>[m
[7m Manual page touch(1) line 47/82 81% (press h for help or q to quit)[27m[K[K [KESCESC[K[[[K66[K~~[K       Report touch translation bugs to <https://translationproject.org/team/>[m
[m
[1mCOPYRIGHT[0m[m
       Copyright © 2018 Free Software Foundation, Inc.   License  GPLv3+:  GNU[m
       GPL version 3 or later <https://gnu.org/licenses/gpl.html>.[m
       This  is  free  software:  you  are free to change and redistribute it.[m
       There is NO WARRANTY, to the extent permitted by law.[m
[m
[1mSEE[0m [1mALSO[0m[m
       Full documentation at: <https://www.gnu.org/software/coreutils/touch>[m
       or available locally via: info '(coreutils) touch invocation'[m
[m
GNU coreutils 8.30               February 2019                        TOUCH(1)[m
[7m Manual page touch(1) line 60/82 (END) (press h for help or q to quit)[27m[K[K[K[7m Manual page touch(1) line 60/82 (END) (press h for help or q to quit)[27m[K[K [KESCESC[K[[[K55[K~~[K[HM       endar date, time of day, time zone, day of week, relative  time,  rela‐[m
[HM       even  "next Thursday".  A date string may contain items indicating cal‐[m
[HM       such as "Sun, 29 Feb 2004 16:21:42 -0800" or "2004-02-29  16:21:42"  or[m
[HM       The  --date=STRING  is  a mostly free format human readable date string[m
[HM[1mDATE[0m [1mSTRING[0m[m
[HM[m
[HM       Note that the [1m-d[0m and [1m-t[0m options accept different time-date formats.[m
[HM[m
[HM              output version information and exit[m
[HM       [1m--version[0m[m
[HM[m
[HM       [1m--help[0m display this help and exit[m
[HM[m
[HM              alent to [1m-a[0m WORD is modify or mtime: equivalent to [1m-m[0m[m
[HM              change the specified time: WORD is access, atime, or use: equiv‐[m
[HM       [1m--time[0m=[4mWORD[24m[m
[HM[m
[HM              use [[CC]YY]MMDDhhmm[.ss] instead of current time[m
[HM       [1m-t[0m STAMP[m
[HM[m
[HM              use this file's times instead of current time[m
[HM       [1m-r[0m, [1m--reference[0m=[4mFILE[24m[m
[HM[m
[24;1H[K[7m Manual page touch(1) line 37/82 67% (press h for help or q to quit)[27m[K[K [KESCESC[K[[[K55[K~~[K[HM       [1m-m[0m     change only the modification time[m
[HM[m
[HM              only on systems that can change the timestamps of a symlink)[m
[HM              affect each symbolic link instead of any referenced file (useful[m
[HM       [1m-h[0m, [1m--no-dereference[0m[m
[HM[m
[HM       [1m-f[0m     (ignored)[m
[HM[m
[HM              parse STRING and use it instead of current time[m
[HM       [1m-d[0m, [1m--date[0m=[4mSTRING[24m[m
[HM[m
[HM              do not create any files[m
[HM       [1m-c[0m, [1m--no-create[0m[m
[HM[m
[HM       [1m-a[0m     change only the access time[m
[HM[m
[HM       too.[m
[HM       Mandatory arguments to long options are  mandatory  for  short  options[m
[HM[m
[HM       change the times of the file associated with standard output.[m
[HM       A  FILE  argument  string of - is handled specially and causes touch to[m
[HM[m
[HM       is supplied.[m
[24;1H[K[7m Manual page touch(1) line 14/82 37% (press h for help or q to quit)[27m[K[K[m
       [1m-r[0m, [1m--reference[0m=[4mFILE[24m[m
              use this file's times instead of current time[m
[m
       [1m-t[0m STAMP[m
              use [[CC]YY]MMDDhhmm[.ss] instead of current time[m
[m
       [1m--time[0m=[4mWORD[24m[m
              change the specified time: WORD is access, atime, or use: equiv‐[m
              alent to [1m-a[0m WORD is modify or mtime: equivalent to [1m-m[0m[m
[m
       [1m--help[0m display this help and exit[m
[m
       [1m--version[0m[m
              output version information and exit[m
[m
       Note that the [1m-d[0m and [1m-t[0m options accept different time-date formats.[m
[m
[1mDATE[0m [1mSTRING[0m[m
       The  --date=STRING  is  a mostly free format human readable date string[m
       such as "Sun, 29 Feb 2004 16:21:42 -0800" or "2004-02-29  16:21:42"  or[m
       even  "next Thursday".  A date string may contain items indicating cal‐[m
       endar date, time of day, time zone, day of week, relative  time,  rela‐[m
[7m Manual page touch(1) line 37/82 67% (press h for help or q to quit)[27m[K[K       tive date, and numbers.  An empty string indicates the beginning of the[m
       day.  The date string format is more complex than is easily  documented[m
       here but is fully described in the info documentation.[m
[m
[1mAUTHOR[0m[m
       Written  by  Paul  Rubin, Arnold Robbins, Jim Kingdon, David MacKenzie,[m
       and Randy Smith.[m
[m
[1mREPORTING[0m [1mBUGS[0m[m
       GNU coreutils online help: <https://www.gnu.org/software/coreutils/>[m
       Report touch translation bugs to <https://translationproject.org/team/>[m
[m
[1mCOPYRIGHT[0m[m
       Copyright © 2018 Free Software Foundation, Inc.   License  GPLv3+:  GNU[m
       GPL version 3 or later <https://gnu.org/licenses/gpl.html>.[m
       This  is  free  software:  you  are free to change and redistribute it.[m
       There is NO WARRANTY, to the extent permitted by law.[m
[m
[1mSEE[0m [1mALSO[0m[m
       Full documentation at: <https://www.gnu.org/software/coreutils/touch>[m
       or available locally via: info '(coreutils) touch invocation'[m
[m
GNU coreutils 8.30               February 2019                        TOUCH(1)[m
[7m Manual page touch(1) line 60/82 (END) (press h for help or q to quit)[27m[K[K[?1l>[?1049l[23;0;0tbmarti38@g7-33:/import/linux/home1/bmarti38/i240a/submit/lab6$ man ls
[?1049h[22;0;0t[?1h=LS(1)                            User Commands                           LS(1)[m
[m
[1mNAME[0m[m
       ls - list directory contents[m
[m
[1mSYNOPSIS[0m[m
       [1mls[0m [[4mOPTION[24m]... [[4mFILE[24m]...[m
[m
[1mDESCRIPTION[0m[m
       List  information  about  the FILEs (the current directory by default).[m
       Sort entries alphabetically if none of [1m-cftuvSUX[0m nor [1m--sort[0m  is  speci‐[m
       fied.[m
[m
       Mandatory  arguments  to  long  options are mandatory for short options[m
       too.[m
[m
       [1m-a[0m, [1m--all[0m[m
              do not ignore entries starting with .[m
[m
       [1m-A[0m, [1m--almost-all[0m[m
              do not list implied . and ..[m
[m
       [1m--author[0m[m
[7m Manual page ls(1) line 1 (press h for help or q to quit)[27m[K[K [KESCESC[K[[[K66[K~~[K              with [1m-l[0m, print the author of each file[m
[m
       [1m-b[0m, [1m--escape[0m[m
              print C-style escapes for nongraphic characters[m
[m
       [1m--block-size[0m=[4mSIZE[24m[m
              with  [1m-l[0m,  scale  sizes  by  SIZE  when  printing  them;   e.g.,[m
              '--block-size=M'; see SIZE format below[m
[m
       [1m-B[0m, [1m--ignore-backups[0m[m
              do not list implied entries ending with ~[m
[m
       [1m-c[0m     with [1m-lt[0m: sort by, and show, ctime (time of last modification of[m
              file status information); with [1m-l[0m: show ctime and sort by  name;[m
              otherwise: sort by ctime, newest first[m
[m
       [1m-C[0m     list entries by columns[m
[m
       [1m--color[0m[=[4mWHEN[24m][m
              colorize  the output; WHEN can be 'always' (default if omitted),[m
              'auto', or 'never'; more info below[m
[m
       [1m-d[0m, [1m--directory[0m[m
[7m Manual page ls(1) line 24 (press h for help or q to quit)[27m[K[K [KESCESC[K[[[K66[K~~[K              list directories themselves, not their contents[m
[m
       [1m-D[0m, [1m--dired[0m[m
              generate output designed for Emacs' dired mode[m
[m
       [1m-f[0m     do not sort, enable [1m-aU[0m, disable [1m-ls[0m [1m--color[0m[m
[m
       [1m-F[0m, [1m--classify[0m[m
              append indicator (one of */=>@|) to entries[m
[m
       [1m--file-type[0m[m
              likewise, except do not append '*'[m
[m
       [1m--format[0m=[4mWORD[24m[m
              across [1m-x[0m, commas [1m-m[0m, horizontal [1m-x[0m, long [1m-l[0m, single-column  [1m-1[0m,[m
              verbose [1m-l[0m, vertical [1m-C[0m[m
[m
       [1m--full-time[0m[m
              like [1m-l[0m [1m--time-style[0m=[4mfull-iso[24m[m
[m
       [1m-g[0m     like [1m-l[0m, but do not list owner[m
[m
       [1m--group-directories-first[0m[m
[7m Manual page ls(1) line 47 (press h for help or q to quit)[27m[K[K [KESCESC[K[[[K66[K~~[K              group directories before files;[m
[m
              can   be  augmented  with  a  [1m--sort[0m  option,  but  any  use  of[m
              [1m--sort[0m=[4mnone[24m ([1m-U[0m) disables grouping[m
[m
       [1m-G[0m, [1m--no-group[0m[m
              in a long listing, don't print group names[m
[m
       [1m-h[0m, [1m--human-readable[0m[m
              with [1m-l[0m and [1m-s[0m, print sizes like 1K 234M 2G etc.[m
[m
       [1m--si[0m   likewise, but use powers of 1000 not 1024[m
[m
       [1m-H[0m, [1m--dereference-command-line[0m[m
              follow symbolic links listed on the command line[m
[m
       [1m--dereference-command-line-symlink-to-dir[0m[m
              follow each command line symbolic link[m
[m
              that points to a directory[m
[m
       [1m--hide[0m=[4mPATTERN[24m[m
              do not list implied entries matching shell  PATTERN  (overridden[m
[7m Manual page ls(1) line 70 (press h for help or q to quit)[27m[K[K [KESCESC[K[[[K66[K~~[K              by [1m-a[0m or [1m-A[0m)[m
[m
       [1m--hyperlink[0m[=[4mWHEN[24m][m
              hyperlink file names; WHEN can be 'always' (default if omitted),[m
              'auto', or 'never'[m
[m
       [1m--indicator-style[0m=[4mWORD[24m[m
              append indicator with style WORD to entry names: none (default),[m
              slash ([1m-p[0m), file-type ([1m--file-type[0m), classify ([1m-F[0m)[m
[m
       [1m-i[0m, [1m--inode[0m[m
              print the index number of each file[m
[m
       [1m-I[0m, [1m--ignore[0m=[4mPATTERN[24m[m
              do not list implied entries matching shell PATTERN[m
[m
       [1m-k[0m, [1m--kibibytes[0m[m
              default  to  1024-byte  blocks for disk usage; used only with [1m-s[0m[m
              and per directory totals[m
[m
       [1m-l[0m     use a long listing format[m
[m
       [1m-L[0m, [1m--dereference[0m[m
[7m Manual page ls(1) line 93 (press h for help or q to quit)[27m[K[K [KESCESC[K[[[K66[K~~[K              when showing file information for a symbolic link, show informa‐[m
              tion  for  the file the link references rather than for the link[m
              itself[m
[m
       [1m-m[0m     fill width with a comma separated list of entries[m
[m
       [1m-n[0m, [1m--numeric-uid-gid[0m[m
              like [1m-l[0m, but list numeric user and group IDs[m
[m
       [1m-N[0m, [1m--literal[0m[m
              print entry names without quoting[m
[m
       [1m-o[0m     like [1m-l[0m, but do not list group information[m
[m
       [1m-p[0m, [1m--indicator-style[0m=[4mslash[24m[m
              append / indicator to directories[m
[m
       [1m-q[0m, [1m--hide-control-chars[0m[m
              print ? instead of nongraphic characters[m
[m
       [1m--show-control-chars[0m[m
              show nongraphic characters as-is (the default, unless program is[m
              'ls' and output is a terminal)[m
[7m Manual page ls(1) line 116 (press h for help or q to quit)[27m[K[K [KESCESC[K[[[K66[K~~[K[m
       [1m-Q[0m, [1m--quote-name[0m[m
              enclose entry names in double quotes[m
[m
       [1m--quoting-style[0m=[4mWORD[24m[m
              use  quoting style WORD for entry names: literal, locale, shell,[m
              shell-always,  shell-escape,  shell-escape-always,   c,   escape[m
              (overrides QUOTING_STYLE environment variable)[m
[m
       [1m-r[0m, [1m--reverse[0m[m
              reverse order while sorting[m
[m
       [1m-R[0m, [1m--recursive[0m[m
              list subdirectories recursively[m
[m
       [1m-s[0m, [1m--size[0m[m
              print the allocated size of each file, in blocks[m
[m
       [1m-S[0m     sort by file size, largest first[m
[m
       [1m--sort[0m=[4mWORD[24m[m
              sort  by  WORD instead of name: none ([1m-U[0m), size ([1m-S[0m), time ([1m-t[0m),[m
              version ([1m-v[0m), extension ([1m-X[0m)[m
[7m Manual page ls(1) line 139 (press h for help or q to quit)[27m[K[K [KESCESC[K[[[K66[K~~[K[m
       [1m--time[0m=[4mWORD[24m[m
              with [1m-l[0m, show time as WORD instead of default modification time:[m
              atime  or  access  or  use  ([1m-u[0m); ctime or status ([1m-c[0m); also use[m
              specified time as sort key if [1m--sort[0m=[4mtime[24m (newest first)[m
[m
       [1m--time-style[0m=[4mTIME_STYLE[24m[m
              time/date format with [1m-l[0m; see TIME_STYLE below[m
[m
       [1m-t[0m     sort by modification time, newest first[m
[m
       [1m-T[0m, [1m--tabsize[0m=[4mCOLS[24m[m
              assume tab stops at each COLS instead of 8[m
[m
       [1m-u[0m     with [1m-lt[0m: sort by, and show, access time; with [1m-l[0m:  show  access[m
              time  and  sort  by name; otherwise: sort by access time, newest[m
              first[m
[m
       [1m-U[0m     do not sort; list entries in directory order[m
[m
       [1m-v[0m     natural sort of (version) numbers within text[m
[m
       [1m-w[0m, [1m--width[0m=[4mCOLS[24m[m
[7m Manual page ls(1) line 162 (press h for help or q to quit)[27m[K[K [KESCESC[K[[[K66[K~~[K              set output width to COLS.  0 means no limit[m
[m
       [1m-x[0m     list entries by lines instead of by columns[m
[m
       [1m-X[0m     sort alphabetically by entry extension[m
[m
       [1m-Z[0m, [1m--context[0m[m
              print any security context of each file[m
[m
       [1m-1[0m     list one file per line.  Avoid '\n' with [1m-q[0m or [1m-b[0m[m
[m
       [1m--help[0m display this help and exit[m
[m
       [1m--version[0m[m
              output version information and exit[m
[m
       The SIZE argument is an integer and  optional  unit  (example:  10K  is[m
       10*1024).   Units  are  K,M,G,T,P,E,Z,Y  (powers  of 1024) or KB,MB,...[m
       (powers of 1000).[m
[m
       The TIME_STYLE argument can be  full-iso,  long-iso,  iso,  locale,  or[m
       +FORMAT.   FORMAT  is  interpreted  like in date(1).  If FORMAT is FOR‐[m
       MAT1<newline>FORMAT2, then FORMAT1 applies to non-recent files and FOR‐[m
[7m Manual page ls(1) line 185 (press h for help or q to quit)[27m[K[K [KESCESC[K[[[K66[K~~[K       MAT2  to  recent files.  TIME_STYLE prefixed with 'posix-' takes effect[m
       only outside the POSIX locale.  Also the TIME_STYLE  environment  vari‐[m
       able sets the default style to use.[m
[m
       Using  color  to distinguish file types is disabled both by default and[m
       with [1m--color[0m=[4mnever[24m.  With [1m--color[0m=[4mauto[24m, ls emits color codes only  when[m
       standard  output is connected to a terminal.  The LS_COLORS environment[m
       variable can change the settings.  Use the dircolors command to set it.[m
[m
   [1mExit[0m [1mstatus:[0m[m
       0      if OK,[m
[m
       1      if minor problems (e.g., cannot access subdirectory),[m
[m
       2      if serious trouble (e.g., cannot access command-line argument).[m
[m
[1mAUTHOR[0m[m
       Written by Richard M. Stallman and David MacKenzie.[m
[m
[1mREPORTING[0m [1mBUGS[0m[m
       GNU coreutils online help: <https://www.gnu.org/software/coreutils/>[m
       Report ls translation bugs to <https://translationproject.org/team/>[m
[m
[7m Manual page ls(1) line 208 (press h for help or q to quit)[27m[K[K [KESCESC[K[[[K66[K~~[K[1mCOPYRIGHT[0m[m
       Copyright © 2018 Free Software Foundation, Inc.   License  GPLv3+:  GNU[m
       GPL version 3 or later <https://gnu.org/licenses/gpl.html>.[m
       This  is  free  software:  you  are free to change and redistribute it.[m
       There is NO WARRANTY, to the extent permitted by law.[m
[m
[1mSEE[0m [1mALSO[0m[m
       Full documentation at: <https://www.gnu.org/software/coreutils/ls>[m
       or available locally via: info '(coreutils) ls invocation'[m
[m
GNU coreutils 8.30               February 2019                           LS(1)[m
[7m Manual page ls(1) line 219/241 (END) (press h for help or q to quit)[27m[K[K [KESCESC[K[[[K66[K~~[K[K[7m Manual page ls(1) line 219/241 (END) (press h for help or q to quit)[27m[K[K [KESCESC[K[[[K66[K~~[K[K[7m Manual page ls(1) line 219/241 (END) (press h for help or q to quit)[27m[K[K[?1l>[?1049l[23;0;0tbmarti38@g7-33:/import/linux/home1/bmarti38/i240a/submit/lab6$ lsScript started on 2020-03-13 16:16:34-04:00 [TERM="xterm" TTY="/dev/pts/0" COLUMNS="117" LINES="62"]
bash: /home/umrigar/cs240/bin/student.rc: Permission denied
bmarti38@remote03:~/i240a/submit/lab6$ lpr bin.clog[K[K[K[K[K-c.log | wc -l 
lpr: Error - unable to access "bin-c.log" - No such file or directory
0
bmarti38@remote03:~/i240a/submit/lab6$ vim bin-c.log
[?1000h[?2004h[?1049h[22;0;0t[?1h=[?2004h[1;62r[?12h[?12l[22;2t[22;1t[27m[23m[29m[m[H[2J[?25l[62;1H[1m[37m[41mE325: ATTENTION[m
Found a swap file by the name ".bin-c.log.swp"
[10Cowned by: bmarti38   dated: Fri Mar 13 16:14:55 2020
[9Cfile name: ~bmarti38/i240a/submit/lab6/bin-c.log
[10Cmodified: YES
[9Cuser name: bmarti38   host name: remote00
[8Cprocess ID: 254709
While opening file "bin-c.log"
      CANNOT BE FOUND
(1) Another program may be editing the same file.  If this is the case,
    be careful not to end up with two different instances of the same
    file when making changes.  Quit, or continue with caution.
(2) An edit session for this file crashed.
    If this is the case, use ":recover" or "vim -r bin-c.log"
    to recover the changes (see ":help recovery").
    If you did this already, delete the swap file ".bin-c.log.swp"
    to avoid this message.
[?1000l
[32mSwap file ".bin-c.log.swp" already exists![m
[32m[O]pen Read-Only, (E)dit anyway, (R)ecover, (D)elete it, (Q)uit, (A)bort: [?25h[?1000h[m[62;1H[K[?25l[62;1H"bin-c.log" [New File]
Using swap file ".bin-c.log.swp"
Original file "~/i240a/submit/lab6/bin-c.log"
[61;1H"~/i240a/submit/lab6/bin-c.log" [New File][61;43H[K[62;1HRecovery completed. You should check if everything is OK.
(You might want to write out this file under another name
and run diff with the original file to check for changes)
You may want to delete the .swp file now.


[2;1H▽[6n[2;1H  [1;1H[>c]10;?]11;?[?1000l[62;1H[32mPress ENTER or type command to continue[?25h[?1002h[m[1;1H[9L[?25l[1;1Hdvmvwvsdmavvvvvvvvvvvvvvvvvvvvvvvvebaqbqebqabbebqaeveeevqebedfb bfddbaebaqebaqbaqbabvbfbababbaqvabvevebaeqbaqebaqebaee[2;1HqbaevaevaefaefafAQWFagvaqegv3y524[dblaegqa2222222222222222222222222222g
[1m[34m~                                                                                                                    [4;1H~                                                                                                                    [5;1H~                                                                                                                    [6;1H~                                                                                                                    [7;1H~                                                                                                                    [8;1H~                                                                                                                    [9;1H~                                                                                                                    [10;1H~                                                                                                                    [11;1H~                                                                                                                    [12;1H~                                                                                                                    [13;1H~                                                                                                                    [14;1H~                                                                                                                    [15;1H~                                                                                                                    [16;1H~                                                                                                                    [17;1H~                                                                                                                    [18;1H~                                                                                                                    [19;1H~                                                                                                                    [20;1H~                                                                                                                    [21;1H~                                                                                                                    [22;1H~                                                                                                                    [23;1H~                                                                                                                    [24;1H~                                                                                                                    [25;1H~                                                                                                                    [26;1H~                                                                                                                    [27;1H~                                                                                                                    [28;1H~                                                                                                                    [29;1H~                                                                                                                    [30;1H~                                                                                                                    [31;1H~                                                                                                                    [32;1H~                                                                                                                    [33;1H~                                                                                                                    [34;1H~                                                                                                                    [35;1H~                                                                                                                    [36;1H~                                                                                                                    [37;1H~                                                                                                                    [38;1H~                                                                                                                    [39;1H~                                                                                                                    [40;1H~                                                                                                                    [41;1H~                                                                                                                    [42;1H~                                                                                                                    [43;1H~                                                                                                                    [44;1H~                                                                                                                    [45;1H~                                                                                                                    [46;1H~                                                                                                                    [47;1H~                                                                                                                    [48;1H~                                                                                                                    [49;1H~                                                                                                                    [50;1H~                                                                                                                    [51;1H~                                                                                                                    [52;1H~                                                                                                                    [53;1H~                                                                                                                    [54;1H~                                                                                                                    [55;1H~                                                                                                                    [56;1H~                                                                                                                    [57;1H~                                                                                                                    [58;1H~                                                                                                                    [59;1H~                                                                                                                    [60;1H~                                                                                                                    [61;1H~                                                                                                                    [m[62;1H[K[62;100H1,188[9CAll[2;71H[?25h[?25l[62;90H~@k[2;71H[62;90H   [2;70H[62;104H7[2;70H[?25h[?25l[62;90H:[2;70H[62;90H[K[62;1H:[?2004h[?25hq[?25l[?25h[?25l[1m[37m[41mE37: No write since last change (add ! to override)[?2004h[2;70H[m[62;100H1,187[9CAll[2;70H[?25h[?25l[62;90H:[2;70H[62;1H[K[62;1H:[?2004h[?25hx[?25l[?25h[?25l[?1002l[?2004l"bin-c.log" [New] 1L, 189C written[23;2t[23;1t[22;2t[22;1t[23;2t[23;1t
[?2004l[?1l>[?25h[?1049l[23;0;0tbmarti38@remote03:~/i240a/submit/lab6$ vim[K[K[Klpr [K[K[K[Kvim bin-c.loglpr bin-c.log | wc -l 
lpr: Error - No default destination.
0
bmarti38@remote03:~/i240a/submit/lab6$ lpr [K[K[K[Kbing[K [K[K[K[Kls bin-c.log [K ? w[K[K[K[K | wc -l
1
bmarti38@remote03:~/i240a/submit/lab6$ man tr 
[?1049h[22;0;0t[?1h=TR(1)                                              User Commands                                             TR(1)[m
[m
[1mNAME[0m[m
       tr - translate or delete characters[m
[m
[1mSYNOPSIS[0m[m
       [1mtr[0m [[4mOPTION[24m]... [4mSET1[24m [[4mSET2[24m][m
[m
[1mDESCRIPTION[0m[m
       Translate, squeeze, and/or delete characters from standard input, writing to standard output.[m
[m
       [1m-c[0m, [1m-C[0m, [1m--complement[0m[m
              use the complement of SET1[m
[m
       [1m-d[0m, [1m--delete[0m[m
              delete characters in SET1, do not translate[m
[m
       [1m-s[0m, [1m--squeeze-repeats[0m[m
              replace  each sequence of a repeated character that is listed in the last specified SET, with a sin‐[m
              gle occurrence of that character[m
[m
       [1m-t[0m, [1m--truncate-set1[0m[m
              first truncate SET1 to length of SET2[m
[m
       [1m--help[0m display this help and exit[m
[m
       [1m--version[0m[m
              output version information and exit[m
[m
       SETs are specified as strings of characters.  Most represent themselves.  Interpreted sequences are:[m
[m
       \NNN   character with octal value NNN (1 to 3 octal digits)[m
[m
       \\     backslash[m
[m
       \a     audible BEL[m
[m
       \b     backspace[m
[m
       \f     form feed[m
[m
       \n     new line[m
[m
       \r     return[m
[m
       \t     horizontal tab[m
[m
       \v     vertical tab[m
[m
       CHAR1-CHAR2[m
              all characters from CHAR1 to CHAR2 in ascending order[m
[m
       [CHAR*][m
              in SET2, copies of CHAR until length of SET1[m
[m
       [CHAR*REPEAT][m
              REPEAT copies of CHAR, REPEAT octal if starting with 0[m
[m
       [:alnum:][m
              all letters and digits[m
[m
[7m Manual page tr(1) line 1 (press h for help or q to quit)[27m[K[K [KESCESC[KOO[KAA[K[K[7m Manual page tr(1) line 1 (press h for help or q to quit)[27m[K[K [KESCESC[KOO[KAA[K[K[7m Manual page tr(1) line 1 (press h for help or q to quit)[27m[K[K[?1l>[?1049l[23;0;0tbmarti38@remote03:~/i240a/submit/lab6$ echo [K[K[K[K[Ktr '[:lower:]' '[:upper:]'
efq   bmarti38@remote03:~/i240a/submit/lab6$ ls [K[K[Ktr '[:lower:]' '[:upper:]'[1@l[1@s[1@ [1@|[1@ 
BIN-C.LOG
CAT.LOG
DIR
EXERCISES
LAB6.LOG
LS.LOG
T1.C
bmarti38@remote03:~/i240a/submit/lab6$ cd 4
bash: cd: 4: No such file or directory
bmarti38@remote03:~/i240a/submit/lab6$ cs 4[K[K[K[Kls
bin-c.log  cat.log  dir  exercises  lab6.LOG  ls.log  t1.c
bmarti38@remote03:~/i240a/submit/lab6$ cd exercises/
bmarti38@remote03:~/i240a/submit/lab6/exercises$ ls
4-quoting
bmarti38@remote03:~/i240a/submit/lab6/exercises$ cd 4-quoting/
bmarti38@remote03:~/i240a/submit/lab6/exercises/4-quoting$ ls
'**'  '1$2'  "'12"  '1"2'  'a$b'  '\\ab'  'a"b'  "a'b"	 -l
bmarti38@remote03:~/i240a/submit/lab6/exercises/4-quoting$ echo \\
\
bmarti38@remote03:~/i240a/submit/lab6/exercises/4-quoting$ echo \[K[K[K[K[K[Kecho \'
'
bmarti38@remote03:~/i240a/submit/lab6/exercises/4-quoting$ echo \*
*
bmarti38@remote03:~/i240a/submit/lab6/exercises/4-quoting$ echo \$HOME\"\\
$HOME"\
bmarti38@remote03:~/i240a/submit/lab6/exercises/4-quoting$ echo '\'
\
bmarti38@remote03:~/i240a/submit/lab6/exercises/4-quoting$ echo '\\'
\\
bmarti38@remote03:~/i240a/submit/lab6/exercises/4-quoting$ echo '*S[K$~'
*$~
bmarti38@remote03:~/i240a/submit/lab6/exercises/4-quoting$ echo '\''
> q
> :[K^C
> C
> "[K'
\
q
!!:s^C
C

bmarti38@remote03:~/i240a/submit/lab6/exercises/4-quoting$ ech[K[K[Kecho "\"/[K\\"
"\
bmarti38@remote03:~/i240a/submit/lab6/exercises/4-quoting$ echp[Ko "$HOME"
/home/bmarti38
bmarti38@remote03:~/i240a/submit/lab6/exercises/4-quoting$ ecj[Khp \
> abc \
> 123
bash: echp: command not found
bmarti38@remote03:~/i240a/submit/lab6/exercises/4-quoting$ echp[Ko \
> abc \
> 123
abc 123
bmarti38@remote03:~/i240a/submit/lab6/exercises/4-quoting$ wcho[K[K[K[Kecho [K[K[K[K[Kls | echo [K[K[K[K[K[K[K[K | echo '$'
$
bmarti38@remote03:~/i240a/submit/lab6/exercises/4-quoting$ [Kbmarti38@remote03:~/i240a/submit/lab6/exercises/4-quoting$ ls | echo '$'[K[K[K[K[K[K[K[K[K[K[K *'$'*
'1$2'  'a$b'
bmarti38@remote03:~/i240a/submit/lab6/exercises/4-quoting$ ls *'[K\'\*
ls: cannot access '*'\''*': No such file or directory
bmarti38@remote03:~/i240a/submit/lab6/exercises/4-quoting$ ls \
> *
-rw-r----- 1 bmarti38 bmarti38 0 Mar 12 19:02 '**'
-rw-r----- 1 bmarti38 bmarti38 0 Mar 12 19:02 '1$2'
-rw-r----- 1 bmarti38 bmarti38 0 Mar 12 19:02 "'12"
-rw-r----- 1 bmarti38 bmarti38 0 Mar 12 19:02 '1"2'
-rw-r----- 1 bmarti38 bmarti38 0 Mar 12 19:02 'a$b'
-rw-r----- 1 bmarti38 bmarti38 0 Mar 12 19:02 '\\ab'
-rw-r----- 1 bmarti38 bmarti38 0 Mar 12 19:02 'a"b'
-rw-r----- 1 bmarti38 bmarti38 0 Mar 12 19:02 "a'b"
bmarti38@remote03:~/i240a/submit/lab6/exercises/4-quoting$ ls '\'
ls: cannot access '\': No such file or directory
bmarti38@remote03:~/i240a/submit/lab6/exercises/4-quoting$ ls \[K'\'
ls: cannot access '\': No such file or directory
bmarti38@remote03:~/i240a/submit/lab6/exercises/4-quoting$ ls *\'\*
ls: cannot access '*'\''*': No such file or directory
bmarti38@remote03:~/i240a/submit/lab6/exercises/4-quoting$ ls \
> \
> 
'**'  '1$2'  "'12"  '1"2'  'a$b'  '\\ab'  'a"b'  "a'b"	 -l
bmarti38@remote03:~/i240a/submit/lab6/exercises/4-quoting$ ls '\'
ls: cannot access '\': No such file or directory
bmarti38@remote03:~/i240a/submit/lab6/exercises/4-quoting$ ls
'**'  '1$2'  "'12"  '1"2'  'a$b'  '\\ab'  'a"b'  "a'b"	 -l
bmarti38@remote03:~/i240a/submit/lab6/exercises/4-quoting$ ls "\"
> \
> 
> *
> 
> 1
> 
> "
ls: cannot access '"'$'\n\n''*'$'\n\n''1'$'\n\n': No such file or directory
bmarti38@remote03:~/i240a/submit/lab6/exercises/4-quoting$ ls \
> \
> '
> "
> "
> '
ls: cannot access ''$'\n''"'$'\n''"'$'\n': No such file or directory
bmarti38@remote03:~/i240a/submit/lab6/exercises/4-quoting$ ls \
> '
> '
ls: cannot access ''$'\n': No such file or directory
bmarti38@remote03:~/i240a/submit/lab6/exercises/4-quoting$ ls \
> '
> \
> '
ls: cannot access ''$'\n''\'$'\n': No such file or directory
bmarti38@remote03:~/i240a/submit/lab6/exercises/4-quoting$ ;s[K[Kls ??*
-rw-r----- 1 bmarti38 bmarti38 0 Mar 12 19:02 '**'
-rw-r----- 1 bmarti38 bmarti38 0 Mar 12 19:02 '1$2'
-rw-r----- 1 bmarti38 bmarti38 0 Mar 12 19:02 "'12"
-rw-r----- 1 bmarti38 bmarti38 0 Mar 12 19:02 '1"2'
-rw-r----- 1 bmarti38 bmarti38 0 Mar 12 19:02 'a$b'
-rw-r----- 1 bmarti38 bmarti38 0 Mar 12 19:02 '\\ab'
-rw-r----- 1 bmarti38 bmarti38 0 Mar 12 19:02 'a"b'
-rw-r----- 1 bmarti38 bmarti38 0 Mar 12 19:02 "a'b"
bmarti38@remote03:~/i240a/submit/lab6/exercises/4-quoting$ ls -l **[K[K??*
-rw-r----- 1 bmarti38 bmarti38 0 Mar 12 19:02 '**'
-rw-r----- 1 bmarti38 bmarti38 0 Mar 12 19:02 '1$2'
-rw-r----- 1 bmarti38 bmarti38 0 Mar 12 19:02 "'12"
-rw-r----- 1 bmarti38 bmarti38 0 Mar 12 19:02 '1"2'
-rw-r----- 1 bmarti38 bmarti38 0 Mar 12 19:02 'a$b'
-rw-r----- 1 bmarti38 bmarti38 0 Mar 12 19:02 '\\ab'
-rw-r----- 1 bmarti38 bmarti38 0 Mar 12 19:02 'a"b'
-rw-r----- 1 bmarti38 bmarti38 0 Mar 12 19:02 "a'b"
bmarti38@remote03:~/i240a/submit/lab6/exercises/4-quoting$ ls --l ??*
-rw-r----- 1 bmarti38 bmarti38 0 Mar 12 19:02 **
-rw-r----- 1 bmarti38 bmarti38 0 Mar 12 19:02 1$2
-rw-r----- 1 bmarti38 bmarti38 0 Mar 12 19:02 '12
-rw-r----- 1 bmarti38 bmarti38 0 Mar 12 19:02 1"2
-rw-r----- 1 bmarti38 bmarti38 0 Mar 12 19:02 a$b
-rw-r----- 1 bmarti38 bmarti38 0 Mar 12 19:02 \\ab
-rw-r----- 1 bmarti38 bmarti38 0 Mar 12 19:02 a"b
-rw-r----- 1 bmarti38 bmarti38 0 Mar 12 19:02 a'b
bmarti38@remote03:~/i240a/submit/lab6/exercises/4-quoting$ ls ??.?*
ls: cannot access '??.?*': No such file or directory
bmarti38@remote03:~/i240a/submit/lab6/exercises/4-quoting$ ls [K[K[Kls
'**'  '1$2'  "'12"  '1"2'  'a$b'  '\\ab'  'a"b'  "a'b"	 -l
bmarti38@remote03:~/i240a/submit/lab6/exercises/4-quoting$ ls ??*
-rw-r----- 1 bmarti38 bmarti38 0 Mar 12 19:02 '**'
-rw-r----- 1 bmarti38 bmarti38 0 Mar 12 19:02 '1$2'
-rw-r----- 1 bmarti38 bmarti38 0 Mar 12 19:02 "'12"
-rw-r----- 1 bmarti38 bmarti38 0 Mar 12 19:02 '1"2'
-rw-r----- 1 bmarti38 bmarti38 0 Mar 12 19:02 'a$b'
-rw-r----- 1 bmarti38 bmarti38 0 Mar 12 19:02 '\\ab'
-rw-r----- 1 bmarti38 bmarti38 0 Mar 12 19:02 'a"b'
-rw-r----- 1 bmarti38 bmarti38 0 Mar 12 19:02 "a'b"
bmarti38@remote03:~/i240a/submit/lab6/exercises/4-quoting$ ls '??"c[K[K'*
ls: cannot access '??*': No such file or directory
bmarti38@remote03:~/i240a/submit/lab6/exercises/4-quoting$ ls [K[??[K[K[K[K[Kls -- ??*
'**'  '1$2'  "'12"  '1"2'  'a$b'  '\\ab'  'a"b'  "a'b"	 -l
bmarti38@remote03:~/i240a/submit/lab6/exercises/4-quoting$ ls -- (>[K??)*
bash: syntax error near unexpected token `('
bmarti38@remote03:~/i240a/submit/lab6/exercises/4-quoting$ [Kbmarti38@remote03:~/i240a/submit/lab6/exercises/4-quoting$ ls -- (??)*
bash: syntax error near unexpected token `('
bmarti38@remote03:~/i240a/submit/lab6/exercises/4-quoting$ exit

Script done on 2020-03-13 16:56:25-04:00 [COMMAND_EXIT_CODE="2"]
